src/components/Leads.tsx(180,6): error TS17008: JSX element 'div' has no corresponding closing tag.
src/components/Leads.tsx(432,1): error TS1381: Unexpected token. Did you mean `{'}'}` or `&rbrace;`?
src/components/Leads.tsx(433,1): error TS1005: '</' expected.
